// Jest Snapshot v1, https://goo.gl/fbAQLP

exports[`FilmInfoContainer snapshot 1`] = `
<div
  className="jsx-2546762946 film-info-container"
  onClick={[Function]}
>
  <img
    alt="film"
    className="jsx-2994430438"
    src="poster_path"
  />
  <div
    className="jsx-2546762946 title-and-date"
  >
    <div
      className="jsx-433743616"
    >
      <span
        className="jsx-433743616"
      >
        film
      </span>
    </div>
    <div
      className="jsx-617062702"
    >
      <span
        className="jsx-617062702"
      >
        2018
      </span>
    </div>
  </div>
  <div
    className="jsx-672986837"
  >
    <span
      className="jsx-672986837"
    >
      action
    </span>
  </div>
</div>
`;
